
R version 4.3.3 (2024-02-29) -- "Angel Food Cake"
Copyright (C) 2024 The R Foundation for Statistical Computing
Platform: x86_64-conda-linux-gnu (64-bit)

R is free software and comes with ABSOLUTELY NO WARRANTY.
You are welcome to redistribute it under certain conditions.
Type 'license()' or 'licence()' for distribution details.

  Natural language support but running in an English locale

R is a collaborative project with many contributors.
Type 'contributors()' for more information and
'citation()' on how to cite R or R packages in publications.

Type 'demo()' for some demos, 'help()' for on-line help, or
'help.start()' for an HTML browser interface to help.
Type 'q()' to quit R.

[Previously saved workspace restored]

> # Webscrape.R
> # take paper DOI list and webscrape paper HTML 
> #
> #
> # library statements
> library(tidyverse)
── Attaching core tidyverse packages ──────────────────────── tidyverse 2.0.0 ──
✔ dplyr     1.1.4     ✔ readr     2.1.5
✔ forcats   1.0.0     ✔ stringr   1.5.1
✔ ggplot2   3.4.4     ✔ tibble    3.2.1
✔ lubridate 1.9.3     ✔ tidyr     1.3.0
✔ purrr     1.0.2     
── Conflicts ────────────────────────────────────────── tidyverse_conflicts() ──
✖ dplyr::filter() masks stats::filter()
✖ dplyr::lag()    masks stats::lag()
ℹ Use the conflicted package (<http://conflicted.r-lib.org/>) to force all conflicts to become errors
> library(rvest)

Attaching package: ‘rvest’

The following object is masked from ‘package:readr’:

    guess_encoding

> library(tidytext)
> library(tibble)
> library(xml2)
> #library(jsonlite) #shouldn't need jsonlite anymore
> 
> 
> #function for reading html, remove figs/tables, 
> #and concatenate abstract and body (using rvest, xml2)
> webscrape <- function(doi) {
+   
+   abstract <- read_html(doi) %>%
+     html_elements("section#abstract") %>%
+     html_elements("[role = paragraph]") 
+   
+   body <- read_html(doi) %>%
+     html_elements("section#bodymatter") 
+   
+   body_notables <- body %>%
+     html_elements(css = ".table > *") %>%
+     html_children() %>%
+     xml_remove()
+   
+   body_nofigures <- body %>%
+     html_elements(css = ".figure-wrap > *") %>%
+     html_children() %>%
+     xml_remove()
+   
+   paper_html <- paste0(abstract, body, collapse = " ") 
+   
+   return(paper_html)
+   
+ }
> 
> webscrape_save_html <- function(data, file_path_gz){
+ 
+   webscraped_data <-  map_chr(data$paper, webscrape)
+ 
+   df <- tibble::tibble(paper_doi = data$paper, 
+                       paper_html = webscraped_data)
+ 
+   write.csv(df, file = file_path_gz, row.names = FALSE)
+ }
> 
> 
> # call function on small dataset
> 
> #gt_ss30 <- read_csv("Data/gt_subset_30.csv")
> #webscrape_save_html(gt_ss30, "Data/gt_subset_30_data.csv.gz")
> 
> #load csv
> 
> #gtss30_webscrape <- read_csv("Data/gt_subset_30_data.csv.gz")
> #head(gtss30_webscrape, 2)
> 
> # call function on larger dataset
> 
> groundtruth <- read_csv("Data/groundtruth.csv")
Rows: 500 Columns: 41
── Column specification ────────────────────────────────────────────────────────
Delimiter: ","
chr (30): paper, new_seq_data, availability, data_public_private, software_l...
dbl (11): ...10, issue, member, prefix, score, reference.count, references.c...

ℹ Use `spec()` to retrieve the full column specification for this data.
ℹ Specify the column types or set `show_col_types = FALSE` to quiet this message.
> webscrape_save_html(groundtruth, "Data/groundtruth.csv.gz")
> 
> #load csv
> 
> gt_webscrape <- read_csv("Data/groundtruth.csv.gz")
Rows: 500 Columns: 2
── Column specification ────────────────────────────────────────────────────────
Delimiter: ","
chr (2): paper_doi, paper_html

ℹ Use `spec()` to retrieve the full column specification for this data.
ℹ Specify the column types or set `show_col_types = FALSE` to quiet this message.
> head(gt_webscrape, 2)
# A tibble: 2 × 2
  paper_doi                                                    paper_html       
  <chr>                                                        <chr>            
1 https://journals.asm.org/doi/10.1128/aac.47.7.2125-2130.2003 "<div role=\"par…
2 https://journals.asm.org/doi/10.1128/aac.00517-12            "<div role=\"par…
> 
> proc.time()
    user   system  elapsed 
  38.306    2.315 1725.210 
